#-----------------------------------------------------------
# Vivado v2023.2 (64-bit)
# SW Build 4029153 on Fri Oct 13 20:14:34 MDT 2023
# IP Build 4028589 on Sat Oct 14 00:45:43 MDT 2023
# SharedData Build 4025554 on Tue Oct 10 17:18:54 MDT 2023
# Start of session at: Sat Jul 20 12:33:12 2024
# Process ID: 21036
# Current directory: E:/Projects/Risc_v_processor_buildup/risc-processor-hdl/Processor_source/Processor_source.runs/impl_1
# Command line: vivado.exe -log processorTOP_risc0.vdi -applog -product Vivado -messageDb vivado.pb -mode batch -source processorTOP_risc0.tcl -notrace
# Log file: E:/Projects/Risc_v_processor_buildup/risc-processor-hdl/Processor_source/Processor_source.runs/impl_1/processorTOP_risc0.vdi
# Journal file: E:/Projects/Risc_v_processor_buildup/risc-processor-hdl/Processor_source/Processor_source.runs/impl_1\vivado.jou
# Running On: AryansExpertbook, OS: Windows, CPU Frequency: 2419 MHz, CPU Physical cores: 4, Host memory: 25444 MB
#-----------------------------------------------------------
source processorTOP_risc0.tcl -notrace
